Release 14.7 - xst P.20131013 (nt64)
Copyright (c) 1995-2013 Xilinx, Inc.  All rights reserved.
--> Parameter TMPDIR set to xst/projnav.tmp


Total REAL time to Xst completion: 1.00 secs
Total CPU time to Xst completion: 0.25 secs
 
--> Parameter xsthdpdir set to xst


Total REAL time to Xst completion: 1.00 secs
Total CPU time to Xst completion: 0.25 secs
 
--> Reading design: POZ_COMPARE.prj

TABLE OF CONTENTS
  1) Synthesis Options Summary
  2) HDL Compilation
  3) Design Hierarchy Analysis
  4) HDL Analysis
  5) HDL Synthesis
     5.1) HDL Synthesis Report
  6) Advanced HDL Synthesis
     6.1) Advanced HDL Synthesis Report
  7) Low Level Synthesis
  8) Partition Report
  9) Final Report
	9.1) Device utilization summary
	9.2) Partition Resource Summary
	9.3) TIMING REPORT


=========================================================================
*                      Synthesis Options Summary                        *
=========================================================================
---- Source Parameters
Input File Name                    : "POZ_COMPARE.prj"
Input Format                       : mixed
Ignore Synthesis Constraint File   : NO

---- Target Parameters
Output File Name                   : "POZ_COMPARE"
Output Format                      : NGC
Target Device                      : xc3s500e-4-fg320

---- Source Options
Top Module Name                    : POZ_COMPARE
Automatic FSM Extraction           : YES
FSM Encoding Algorithm             : Auto
Safe Implementation                : No
FSM Style                          : LUT
RAM Extraction                     : Yes
RAM Style                          : Auto
ROM Extraction                     : Yes
Mux Style                          : Auto
Decoder Extraction                 : YES
Priority Encoder Extraction        : Yes
Shift Register Extraction          : YES
Logical Shifter Extraction         : YES
XOR Collapsing                     : YES
ROM Style                          : Auto
Mux Extraction                     : Yes
Resource Sharing                   : YES
Asynchronous To Synchronous        : NO
Multiplier Style                   : Auto
Automatic Register Balancing       : No

---- Target Options
Add IO Buffers                     : YES
Global Maximum Fanout              : 100000
Add Generic Clock Buffer(BUFG)     : 24
Register Duplication               : YES
Slice Packing                      : YES
Optimize Instantiated Primitives   : NO
Use Clock Enable                   : Yes
Use Synchronous Set                : Yes
Use Synchronous Reset              : Yes
Pack IO Registers into IOBs        : Auto
Equivalent register Removal        : YES

---- General Options
Optimization Goal                  : Speed
Optimization Effort                : 1
Keep Hierarchy                     : No
Netlist Hierarchy                  : As_Optimized
RTL Output                         : Yes
Global Optimization                : AllClockNets
Read Cores                         : YES
Write Timing Constraints           : NO
Cross Clock Analysis               : NO
Hierarchy Separator                : /
Bus Delimiter                      : <>
Case Specifier                     : Maintain
Slice Utilization Ratio            : 100
BRAM Utilization Ratio             : 100
Verilog 2001                       : YES
Auto BRAM Packing                  : NO
Slice Utilization Ratio Delta      : 5

=========================================================================


=========================================================================
*                          HDL Compilation                              *
=========================================================================
Compiling vhdl file "D:/205_HW/HW_4/COMP_1_bit.vhd" in Library work.
Architecture behavioral of Entity comp_1_bit is up to date.
Compiling vhdl file "D:/205_HW/HW_4/CONNECT.vhd" in Library work.
Architecture behavioral of Entity connect is up to date.
Compiling vhdl file "D:/205_HW/HW_4/Structural_Modelling.vhd" in Library work.
Architecture structure of Entity con_comp_1_bit is up to date.
Compiling vhdl file "D:/205_HW/HW_4/POZ_COMPARE.vhd" in Library work.
Architecture structure of Entity poz_compare is up to date.

=========================================================================
*                     Design Hierarchy Analysis                         *
=========================================================================
Analyzing hierarchy for entity <POZ_COMPARE> in library <work> (architecture <structure>).

Analyzing hierarchy for entity <COMP_1_bit> in library <work> (architecture <behavioral>).

Analyzing hierarchy for entity <CON_COMP_1_bit> in library <work> (architecture <structure>).

Analyzing hierarchy for entity <COMP_1_bit> in library <work> (architecture <behavioral>).

Analyzing hierarchy for entity <CONNECT> in library <work> (architecture <behavioral>).


=========================================================================
*                            HDL Analysis                               *
=========================================================================
Analyzing Entity <POZ_COMPARE> in library <work> (Architecture <structure>).
Entity <POZ_COMPARE> analyzed. Unit <POZ_COMPARE> generated.

Analyzing Entity <COMP_1_bit> in library <work> (Architecture <behavioral>).
Entity <COMP_1_bit> analyzed. Unit <COMP_1_bit> generated.

Analyzing Entity <CON_COMP_1_bit> in library <work> (Architecture <structure>).
Entity <CON_COMP_1_bit> analyzed. Unit <CON_COMP_1_bit> generated.

Analyzing Entity <CONNECT> in library <work> (Architecture <behavioral>).
Entity <CONNECT> analyzed. Unit <CONNECT> generated.


=========================================================================
*                           HDL Synthesis                               *
=========================================================================

Performing bidirectional port resolution...

Synthesizing Unit <COMP_1_bit>.
    Related source file is "D:/205_HW/HW_4/COMP_1_bit.vhd".
    Found 1-bit xor2 for signal <y$xor0000>.
Unit <COMP_1_bit> synthesized.


Synthesizing Unit <CONNECT>.
    Related source file is "D:/205_HW/HW_4/CONNECT.vhd".
Unit <CONNECT> synthesized.


Synthesizing Unit <CON_COMP_1_bit>.
    Related source file is "D:/205_HW/HW_4/Structural_Modelling.vhd".
Unit <CON_COMP_1_bit> synthesized.


Synthesizing Unit <POZ_COMPARE>.
    Related source file is "D:/205_HW/HW_4/POZ_COMPARE.vhd".
WARNING:Xst:1780 - Signal <nz> is never used or assigned. This unconnected signal will be trimmed during the optimization process.
WARNING:Xst:1780 - Signal <ny> is never used or assigned. This unconnected signal will be trimmed during the optimization process.
WARNING:Xst:1780 - Signal <nx> is never used or assigned. This unconnected signal will be trimmed during the optimization process.
WARNING:Xst:1780 - Signal <nw> is never used or assigned. This unconnected signal will be trimmed during the optimization process.
WARNING:Xst:1780 - Signal <nt> is never used or assigned. This unconnected signal will be trimmed during the optimization process.
Unit <POZ_COMPARE> synthesized.


=========================================================================
HDL Synthesis Report

Macro Statistics
# Xors                                                 : 4
 1-bit xor2                                            : 4

=========================================================================

=========================================================================
*                       Advanced HDL Synthesis                          *
=========================================================================


=========================================================================
Advanced HDL Synthesis Report

Macro Statistics
# Xors                                                 : 4
 1-bit xor2                                            : 4

=========================================================================

=========================================================================
*                         Low Level Synthesis                           *
=========================================================================

Optimizing unit <POZ_COMPARE> ...

Mapping all equations...
Building and optimizing final netlist ...
Found area constraint ratio of 100 (+ 5) on block POZ_COMPARE, actual ratio is 0.

Final Macro Processing ...

=========================================================================
Final Register Report

Found no macro
=========================================================================

=========================================================================
*                           Partition Report                            *
=========================================================================

Partition Implementation Status
-------------------------------

  No Partitions were found in this design.

-------------------------------

=========================================================================
*                            Final Report                               *
=========================================================================
Final Results
RTL Top Level Output File Name     : POZ_COMPARE.ngr
Top Level Output File Name         : POZ_COMPARE
Output Format                      : NGC
Optimization Goal                  : Speed
Keep Hierarchy                     : No

Design Statistics
# IOs                              : 11

Cell Usage :
# BELS                             : 11
#      LUT2                        : 1
#      LUT4                        : 8
#      MUXF5                       : 2
# IO Buffers                       : 11
#      IBUF                        : 8
#      OBUF                        : 3
=========================================================================

Device utilization summary:
---------------------------

Selected Device : 3s500efg320-4 

 Number of Slices:                        5  out of   4656     0%  
 Number of 4 input LUTs:                  9  out of   9312     0%  
 Number of IOs:                          11
 Number of bonded IOBs:                  11  out of    232     4%  

---------------------------
Partition Resource Summary:
---------------------------

  No Partitions were found in this design.

---------------------------


=========================================================================
TIMING REPORT

NOTE: THESE TIMING NUMBERS ARE ONLY A SYNTHESIS ESTIMATE.
      FOR ACCURATE TIMING INFORMATION PLEASE REFER TO THE TRACE REPORT
      GENERATED AFTER PLACE-and-ROUTE.

Clock Information:
------------------
No clock signals found in this design

Asynchronous Control Signals Information:
----------------------------------------
No asynchronous control signals found in this design

Timing Summary:
---------------
Speed Grade: -4

   Minimum period: No path found
   Minimum input arrival time before clock: No path found
   Maximum output required time after clock: No path found
   Maximum combinational path delay: 7.625ns

Timing Detail:
--------------
All values displayed in nanoseconds (ns)

=========================================================================
Timing constraint: Default path analysis
  Total number of paths / destination ports: 32 / 3
-------------------------------------------------------------------------
Delay:               7.625ns (Levels of Logic = 4)
  Source:            A<2> (PAD)
  Destination:       Y (PAD)

  Data Path: A<2> to Y
                                Gate     Net
    Cell:in->out      fanout   Delay   Delay  Logical Name (Net Name)
    ----------------------------------------  ------------
     IBUF:I->O             5   1.218   0.808  A_2_IBUF (A_2_IBUF)
     LUT4:I0->O            1   0.704   0.499  C_CON0/CON/yf53 (C_CON0/CON/yf53)
     LUT2:I1->O            1   0.704   0.420  C_CON0/CON/yf54 (Y_OBUF)
     OBUF:I->O                 3.272          Y_OBUF (Y)
    ----------------------------------------
    Total                      7.625ns (5.898ns logic, 1.727ns route)
                                       (77.4% logic, 22.6% route)

=========================================================================


Total REAL time to Xst completion: 7.00 secs
Total CPU time to Xst completion: 6.37 secs
 
--> 

Total memory usage is 4513672 kilobytes

Number of errors   :    0 (   0 filtered)
Number of warnings :    5 (   0 filtered)
Number of infos    :    0 (   0 filtered)

